.....................................................r......
............................................................
...r...................................r...................r
............................................................
.........r..................................................
......iiiiiiiiiii...........................................
......iiiiiiiiiii..............r.......................r....
......iiiiiiiiiii...........................................
......iiiiiiiiiii................................r..........
......iiiiiiiiiii...........................................
......iiiiiiiiiii.###########ff############.................
......iiiiiiiiiii.#fffffffffffffffffffffff#.................
......iiiiiiiiiii.#fffffffffffffffffffffff#.................
..................#sssssssssssssssssssssss#.................
..................#fffffffffffffffffffffff#................r
..................#fffffffffffffffffffffff#.................
..................#fffffffffffffffffffffff#.................
..................#ffff#ffffffffffffff#fff#.................
...........r......#fffffffffffffffffffffff#.................
..................#fffffffffffffffffffffff#.................
..................#fffffffffffffffffffffff#.................
..................#fffffffffffffffffffffff#.................
..................#fffffffffffffffffffffff#.................
..................#fffffffffffffffffffffff#.................
..................#ffff#ffffffffffffff#fff#..........r...r..
..................#fffffffffffffffffffffff#.................
..................#fffffffffffffffffffffff#........r........
..................#fffffffffffffffffffffff#.................
..................#########################.................
............................................................
...........................................................r
............................................................
............................................................
............................................................
............................................................
............................................................
.........r...........r...................r..................
............................................................
............................................................
............................................................
